[0.002s] Log started
[0.002s] main: parameter validation passed
[0.002s] thopproblem: loading data from ..\..\instances\dsj1000-thop\dsj1000_10_usw_10_03.thop
[0.018s] thopproblem: read header -> cities=1000, items=9980, capacity=9122564, maxTime=3.37538e+007
[0.018s] thopproblem: loaded 1000 nodes and 9980 items
[0.018s] thopproblem: Node 0 -> id: 0 x: 981036 y: 508139
[0.018s] thopproblem: Node 999 -> id: 999 x: 471287 y: 119659
[0.018s] main: input loaded (1000 cities, 9980 items)
[0.018s] packing: initializing packing structures
[0.019s] packing: nCities=1000, nItems=9980, capacity=9122564, minSpeed=0.1, maxSpeed=1
[0.019s] packing: initialized city map and item buckets
[0.019s] main: PackingPlan initialized
[0.019s] aco: initializing ACO solver
[0.037s] aco: initialized 1000 components and 40 ants
[0.037s] main: AntColonyOptimization initialized
[0.000s] aco: generation 0 start, time: 0
[0.000s] aco: compute_total_information done, time: 0
[5.146s] aco: ants_generation_and_activity done, time: 5.14622
[5.151s] aco: adaptive_pheromone_evaporation done, time: 5.15142
[7.318s] aco: new best solution found with cost 4.56949e+006 and 1000 components
[7.324s] aco: daemon_actions done, time: 7.32436
[7.324s] aco: generation 1 start, time: 7.32436
[7.324s] aco: compute_total_information done, time: 7.32436
[11.886s] aco: ants_generation_and_activity done, time: 11.8857
[11.890s] aco: adaptive_pheromone_evaporation done, time: 11.8903
[14.117s] aco: daemon_actions done, time: 14.1171
[14.117s] aco: generation 2 start, time: 14.1171
[14.117s] aco: compute_total_information done, time: 14.1171
[19.750s] aco: ants_generation_and_activity done, time: 19.7499
[19.754s] aco: adaptive_pheromone_evaporation done, time: 19.754
[21.864s] aco: new best solution found with cost 4.60967e+006 and 1000 components
[21.867s] aco: daemon_actions done, time: 21.8666
[21.867s] aco: stopping after 3 generations
[21.867s] main: starting Ultimate Tour Optimization
