[0.001s] Log started
[0.002s] main: parameter validation passed
[0.002s] thopproblem: loading data from ..\..\instances\dsj1000-thop\dsj1000_10_usw_10_03.thop
[0.017s] thopproblem: read header -> cities=1000, items=9980, capacity=9122564, maxTime=3.37538e+007
[0.017s] thopproblem: loaded 1000 nodes and 9980 items
[0.017s] thopproblem: Node 0 -> id: 0 x: 981036 y: 508139
[0.017s] thopproblem: Node 999 -> id: 999 x: 471287 y: 119659
[0.017s] main: input loaded (1000 cities, 9980 items)
[0.018s] packing: initializing packing structures
[0.018s] packing: nCities=1000, nItems=9980, capacity=9122564, minSpeed=0.1, maxSpeed=1
[0.018s] packing: initialized city map and item buckets
[0.018s] main: PackingPlan initialized
[0.019s] aco: initializing ACO solver
[0.037s] aco: initialized 1000 components and 40 ants
[0.038s] main: AntColonyOptimization initialized
[0.000s] aco: generation 0 start, time: 0
[0.000s] aco: compute_total_information done, time: 0
[4.809s] aco: ants_generation_and_activity done, time: 4.8086
[4.814s] aco: adaptive_pheromone_evaporation done, time: 4.8136
[7.231s] aco: new best solution found with cost 4.66286e+006 and 1000 components
[7.235s] aco: daemon_actions done, time: 7.23522
[7.235s] aco: generation 1 start, time: 7.23522
[7.235s] aco: compute_total_information done, time: 7.23522
[11.620s] aco: ants_generation_and_activity done, time: 11.6195
[11.624s] aco: adaptive_pheromone_evaporation done, time: 11.6236
[13.907s] aco: daemon_actions done, time: 13.9072
[13.907s] aco: generation 2 start, time: 13.9072
[13.907s] aco: compute_total_information done, time: 13.9072
[18.267s] aco: ants_generation_and_activity done, time: 18.2666
[18.271s] aco: adaptive_pheromone_evaporation done, time: 18.2701
[20.404s] aco: daemon_actions done, time: 20.4039
[20.404s] aco: stopping after 3 generations
[20.404s] main: starting Ultimate Tour Optimization
