[0.001s] Log started
[0.001s] main: parameter validation passed
[0.001s] thopproblem: loading data from ..\..\instances\dsj1000-thop\dsj1000_10_usw_10_03.thop
[0.020s] thopproblem: read header -> cities=1000, items=9980, capacity=9122564, maxTime=3.37538e+007
[0.020s] thopproblem: loaded 1000 nodes and 9980 items
[0.020s] thopproblem: Node 0 -> id: 0 x: 981036 y: 508139
[0.020s] thopproblem: Node 999 -> id: 999 x: 471287 y: 119659
[0.021s] main: input loaded (1000 cities, 9980 items)
[0.021s] packing: initializing packing structures
[0.021s] packing: nCities=1000, nItems=9980, capacity=9122564, minSpeed=0.1, maxSpeed=1
[0.021s] packing: initialized city map and item buckets
[0.021s] main: PackingPlan initialized
[0.022s] aco: initializing ACO solver
[0.070s] aco: initialized 1000 components and 40 ants
[0.070s] main: AntColonyOptimization initialized
[0.000s] aco: generation 0 start, time: 0
[0.001s] aco: compute_total_information done, time: 0.000997
[6.854s] aco: ants_generation_and_activity done, time: 6.85435
[6.861s] aco: adaptive_pheromone_evaporation done, time: 6.86104
[9.426s] aco: new best solution found with cost 4.59721e+006 and 1000 components
[9.430s] aco: daemon_actions done, time: 9.43001
[9.430s] aco: generation 1 start, time: 9.43001
[9.430s] aco: compute_total_information done, time: 9.43001
[15.451s] aco: ants_generation_and_activity done, time: 15.4508
[15.455s] aco: adaptive_pheromone_evaporation done, time: 15.4548
[17.747s] aco: daemon_actions done, time: 17.7467
[17.747s] aco: stopping after 2 generations
[17.747s] main: starting Ultimate Tour Optimization
