[0.001s] Log started
[0.001s] main: parameter validation passed
[0.001s] thopproblem: loading data from ..\..\instances\dsj1000-thop\dsj1000_10_usw_10_03.thop
[0.032s] thopproblem: read header -> cities=1000, items=9980, capacity=9122564, maxTime=3.37538e+007
[0.032s] thopproblem: loaded 1000 nodes and 9980 items
[0.033s] thopproblem: Node 0 -> id: 0 x: 981036 y: 508139
[0.033s] thopproblem: Node 999 -> id: 999 x: 471287 y: 119659
[0.033s] main: input loaded (1000 cities, 9980 items)
[0.033s] packing: initializing packing structures
[0.033s] packing: nCities=1000, nItems=9980, capacity=9122564, minSpeed=0.1, maxSpeed=1
[0.034s] packing: initialized city map and item buckets
[0.034s] main: PackingPlan initialized
[0.034s] aco: initializing ACO solver
[0.060s] aco: initialized 1000 components and 40 ants
[0.060s] main: AntColonyOptimization initialized
[0.000s] aco: generation 0 start, time: 0
[0.000s] aco: compute_total_information done, time: 0
[15.241s] aco: ants_generation_and_activity done, time: 15.2413
[15.248s] aco: adaptive_pheromone_evaporation done, time: 15.2483
[20.282s] aco: new best solution found with cost 4.57917e+006 and 1000 components
[20.285s] aco: daemon_actions done, time: 20.285
[20.286s] aco: stopping after 1 generations
[20.286s] main: starting Ultimate Tour Optimization
