[0.001s] Log started
[0.001s] main: parameter validation passed
[0.001s] thopproblem: loading data from ..\..\instances\dsj1000-thop\dsj1000_10_usw_10_03.thop
[0.030s] thopproblem: read header -> cities=1000, items=9980, capacity=9122564, maxTime=3.37538e+007
[0.030s] thopproblem: loaded 1000 nodes and 9980 items
[0.030s] thopproblem: Node 0 -> id: 0 x: 981036 y: 508139
[0.030s] thopproblem: Node 999 -> id: 999 x: 471287 y: 119659
[0.031s] main: input loaded (1000 cities, 9980 items)
[0.031s] packing: initializing packing structures
[0.031s] packing: nCities=1000, nItems=9980, capacity=9122564, minSpeed=0.1, maxSpeed=1
[0.032s] packing: initialized city map and item buckets
[0.032s] main: PackingPlan initialized
[0.032s] aco: initializing ACO solver
[0.085s] aco: initialized 1000 components and 40 ants
[0.085s] main: AntColonyOptimization initialized
[0.000s] aco: generation 0 start, time: 0
[0.000s] aco: compute_total_information done, time: 0
[8.590s] aco: ants_generation_and_activity done, time: 8.59018
[8.595s] aco: adaptive_pheromone_evaporation done, time: 8.59518
[11.828s] aco: new best solution found with cost 4.60341e+006 and 1000 components
[11.834s] aco: daemon_actions done, time: 11.8343
[11.834s] aco: generation 1 start, time: 11.8343
[11.834s] aco: compute_total_information done, time: 11.8343
[19.117s] aco: ants_generation_and_activity done, time: 19.1172
[19.120s] aco: adaptive_pheromone_evaporation done, time: 19.1198
[21.551s] aco: daemon_actions done, time: 21.5505
[21.551s] aco: stopping after 2 generations
[21.551s] main: starting Ultimate Tour Optimization
