[0.002s] Log started
[0.002s] main: parameter validation passed
[0.002s] thopproblem: loading data from ..\..\instances\dsj1000-thop\dsj1000_10_usw_10_03.thop
[0.021s] thopproblem: read header -> cities=1000, items=9980, capacity=9122564, maxTime=3.37538e+007
[0.021s] thopproblem: loaded 1000 nodes and 9980 items
[0.021s] thopproblem: Node 0 -> id: 0 x: 981036 y: 508139
[0.021s] thopproblem: Node 999 -> id: 999 x: 471287 y: 119659
[0.021s] main: input loaded (1000 cities, 9980 items)
[0.021s] packing: initializing packing structures
[0.021s] packing: nCities=1000, nItems=9980, capacity=9122564, minSpeed=0.1, maxSpeed=1
[0.022s] packing: initialized city map and item buckets
[0.022s] main: PackingPlan initialized
[0.022s] aco: initializing ACO solver
[0.040s] aco: initialized 1000 components and 40 ants
[0.040s] main: AntColonyOptimization initialized
[0.000s] aco: generation 0 start, time: 0
[0.000s] aco: compute_total_information done, time: 0
[6.300s] aco: ants_generation_and_activity done, time: 6.29981
[6.306s] aco: adaptive_pheromone_evaporation done, time: 6.30635
[8.880s] aco: new best solution found with cost 4.68858e+006 and 1000 components
[8.884s] aco: daemon_actions done, time: 8.88381
[8.884s] aco: generation 1 start, time: 8.88381
[8.884s] aco: compute_total_information done, time: 8.88381
[14.803s] aco: ants_generation_and_activity done, time: 14.803
[14.807s] aco: adaptive_pheromone_evaporation done, time: 14.807
[17.101s] aco: daemon_actions done, time: 17.1006
[17.101s] aco: stopping after 2 generations
[17.101s] main: starting Ultimate Tour Optimization
