[0.000s] Log started
[0.000s] main: parameter validation passed
[0.001s] thopproblem: loading data from ..\..\instances\d2103-thop\d2103_01_bsc_01_01.thop
[0.025s] thopproblem: read header -> cities=2103, items=2101, capacity=180654, maxTime=60140
[0.025s] thopproblem: loaded 2103 nodes and 2101 items
[0.025s] main: input loaded (2103 cities, 2101 items)
[0.025s] packing: initializing packing structures
[0.025s] packing: nCities=2103, nItems=2101, capacity=180654, minSpeed=0.1, maxSpeed=1
[0.026s] packing: initialized city map and item buckets
[0.026s] main: PackingPlan initialized
[0.026s] aco: initializing ACO solver
[0.026s] aco: initializing candidate lists
[0.219s] aco: initialized 2103 components and 196 ants
[0.219s] main: AntColonyOptimization initialized
[0.000s] aco: generation 0 start
[26.343s] aco: new best solution found with cost 161366 and 2103 components
[26.346s] aco: generation 1 start
[36.078s] aco: new best solution found with cost 226534 and 2103 components
[36.078s] aco: generation 2 start
[46.039s] aco: generation 3 start
[55.818s] aco: generation 4 start
[65.574s] aco: new best solution found with cost 227351 and 2103 components
[65.574s] aco: stopping after 5 generations
