[0.000s] Log started
[0.000s] main: parameter validation passed
[0.000s] thopproblem: loading data from ..\..\instances\d2103-thop\d2103_01_bsc_01_01.thop
[0.024s] thopproblem: read header -> cities=2103, items=2101, capacity=180654, maxTime=60140
[0.024s] thopproblem: loaded 2103 nodes and 2101 items
[0.025s] main: input loaded (2103 cities, 2101 items)
[0.025s] packing: initializing packing structures
[0.025s] packing: nCities=2103, nItems=2101, capacity=180654, minSpeed=0.1, maxSpeed=1
[0.026s] packing: initialized city map, item buckets, and elite profiles
[0.026s] main: PackingPlan initialized
[0.026s] aco: initializing ACO solver
[0.026s] aco: initializing candidate lists
[0.153s] aco: initialized 2103 components and 196 ants
[0.153s] main: AntColonyOptimization initialized
[0.000s] aco: generation 0 start
[4.124s] aco: new best solution found with cost 230353 and 2103 components
[4.126s] aco: generation 1 start
[7.572s] aco: new best solution found with cost 234437 and 2103 components
[7.572s] aco: generation 2 start
[10.188s] aco: generation 3 start
[12.687s] aco: generation 4 start
[15.168s] aco: generation 5 start
[17.538s] aco: generation 6 start
[19.338s] aco: generation 7 start
[21.936s] aco: generation 8 start
[24.848s] aco: generation 9 start
[27.653s] aco: generation 10 start
