[0.003s] Log started
[0.004s] main: parameter validation passed
[0.004s] thopproblem: loading data from ..\..\instances\d2103-thop\d2103_01_bsc_01_01.thop
[0.027s] thopproblem: read header -> cities=2103, items=2101, capacity=180654, maxTime=60140
[0.027s] thopproblem: loaded 2103 nodes and 2101 items
[0.027s] main: input loaded (2103 cities, 2101 items)
[0.027s] packing: initializing packing structures
[0.027s] packing: nCities=2103, nItems=2101, capacity=180654, minSpeed=0.1, maxSpeed=1
[0.028s] packing: initialized city map, item buckets, and elite profiles
[0.028s] main: PackingPlan initialized
[0.028s] aco: initializing ACO solver
[0.028s] aco: initializing candidate lists
[0.153s] aco: initialized 2103 components and 196 ants
[0.154s] main: AntColonyOptimization initialized
[0.000s] aco: generation 0 start
[3.167s] aco: new best solution found with cost 230650 and 2103 components
[3.171s] aco: generation 1 start
[5.591s] aco: new best solution found with cost 234642 and 2103 components
[5.592s] aco: generation 2 start
[7.353s] aco: generation 3 start
[9.430s] aco: generation 4 start
[11.329s] aco: generation 5 start
[13.058s] aco: generation 6 start
[14.951s] aco: new best solution found with cost 240967 and 2103 components
[14.951s] aco: generation 7 start
[16.676s] aco: generation 8 start
[18.147s] aco: generation 9 start
[19.726s] aco: generation 10 start
[21.576s] aco: generation 11 start
[23.259s] aco: generation 12 start
[24.717s] aco: generation 13 start
[26.314s] aco: generation 14 start
[27.898s] aco: generation 15 start
[29.365s] aco: generation 16 start
[30.838s] aco: generation 17 start
[32.466s] aco: generation 18 start
[34.033s] aco: generation 19 start
[35.631s] aco: generation 20 start
[37.170s] aco: generation 21 start
[38.546s] aco: generation 22 start
[40.135s] aco: generation 23 start
[41.659s] aco: generation 24 start
[43.176s] aco: generation 25 start
[44.886s] aco: generation 26 start
[46.958s] aco: stagnation reached (20 gens), restarting pheromone!
[46.959s] aco: generation 27 start
[48.622s] aco: generation 28 start
[50.297s] aco: generation 29 start
[51.831s] aco: new best solution found with cost 243748 and 2103 components
[51.831s] aco: generation 30 start
[52.972s] aco: generation 31 start
[54.078s] aco: generation 32 start
[55.241s] aco: generation 33 start
[56.743s] aco: generation 34 start
[58.251s] aco: generation 35 start
[59.697s] aco: generation 36 start
[61.136s] aco: generation 37 start
[62.368s] aco: generation 38 start
[63.462s] aco: generation 39 start
[64.636s] aco: new best solution found with cost 244693 and 2103 components
[64.636s] aco: generation 40 start
[65.865s] aco: new best solution found with cost 244985 and 2103 components
[65.865s] aco: generation 41 start
[66.885s] aco: generation 42 start
[68.061s] aco: new best solution found with cost 246514 and 2103 components
[68.061s] aco: generation 43 start
[69.572s] aco: generation 44 start
[71.186s] aco: generation 45 start
[72.893s] aco: generation 46 start
[74.206s] aco: generation 47 start
[75.417s] aco: generation 48 start
[76.513s] aco: generation 49 start
[77.763s] aco: generation 50 start
[78.884s] aco: generation 51 start
[80.167s] aco: generation 52 start
[81.604s] aco: generation 53 start
[82.660s] aco: generation 54 start
[83.852s] aco: generation 55 start
[85.002s] aco: generation 56 start
[86.232s] aco: generation 57 start
[87.669s] aco: generation 58 start
[88.812s] aco: generation 59 start
[89.914s] aco: generation 60 start
[91.133s] aco: generation 61 start
[92.243s] aco: generation 62 start
[93.472s] aco: stagnation reached (20 gens), restarting pheromone!
[93.473s] aco: generation 63 start
[94.492s] aco: generation 64 start
[95.666s] aco: generation 65 start
[96.806s] aco: generation 66 start
[98.021s] aco: generation 67 start
[99.340s] aco: generation 68 start
[100.441s] aco: generation 69 start
[101.610s] aco: generation 70 start
[102.694s] aco: generation 71 start
[104.005s] aco: generation 72 start
[105.155s] aco: generation 73 start
[106.401s] aco: generation 74 start
[107.613s] aco: new best solution found with cost 247063 and 2103 components
[107.613s] aco: generation 75 start
[108.825s] aco: new best solution found with cost 251889 and 2103 components
[108.825s] aco: generation 76 start
[110.087s] aco: generation 77 start
[111.172s] aco: generation 78 start
[112.241s] aco: generation 79 start
[113.484s] aco: generation 80 start
[114.781s] aco: generation 81 start
[116.126s] aco: generation 82 start
[117.320s] aco: generation 83 start
[118.392s] aco: generation 84 start
[119.602s] aco: generation 85 start
[120.743s] aco: generation 86 start
[122.037s] aco: generation 87 start
[123.164s] aco: generation 88 start
[124.511s] aco: generation 89 start
[125.636s] aco: generation 90 start
[126.703s] aco: generation 91 start
[128.077s] aco: generation 92 start
[129.144s] aco: generation 93 start
[130.226s] aco: generation 94 start
[131.367s] aco: generation 95 start
[132.432s] aco: stagnation reached (20 gens), restarting pheromone!
[132.433s] aco: generation 96 start
[133.537s] aco: generation 97 start
[134.826s] aco: generation 98 start
[136.191s] aco: generation 99 start
[137.600s] aco: generation 100 start
[138.752s] aco: generation 101 start
[139.863s] aco: generation 102 start
[140.842s] aco: generation 103 start
[141.910s] aco: generation 104 start
[142.885s] aco: generation 105 start
[143.991s] aco: generation 106 start
[144.938s] aco: generation 107 start
[145.971s] aco: generation 108 start
[147.103s] aco: generation 109 start
[148.094s] aco: generation 110 start
[149.063s] aco: generation 111 start
[150.104s] aco: generation 112 start
[151.065s] aco: generation 113 start
[152.117s] aco: generation 114 start
[153.445s] aco: generation 115 start
[154.781s] aco: stagnation reached (20 gens), restarting pheromone!
[154.781s] aco: generation 116 start
[156.115s] aco: generation 117 start
[157.567s] aco: generation 118 start
[158.715s] aco: generation 119 start
[159.789s] aco: generation 120 start
[160.698s] aco: generation 121 start
[161.742s] aco: generation 122 start
[162.815s] aco: generation 123 start
[164.000s] aco: generation 124 start
[165.028s] aco: generation 125 start
[166.197s] aco: generation 126 start
[167.357s] aco: generation 127 start
[168.485s] aco: generation 128 start
[169.624s] aco: generation 129 start
[170.848s] aco: generation 130 start
[172.069s] aco: generation 131 start
[173.252s] aco: generation 132 start
[174.295s] aco: generation 133 start
[175.449s] aco: generation 134 start
[176.541s] aco: generation 135 start
[177.772s] aco: stagnation reached (20 gens), restarting pheromone!
[177.773s] aco: generation 136 start
[178.787s] aco: generation 137 start
[179.948s] aco: generation 138 start
[180.978s] aco: generation 139 start
[182.138s] aco: generation 140 start
[183.209s] aco: generation 141 start
[184.256s] aco: generation 142 start
[185.427s] aco: generation 143 start
[186.428s] aco: generation 144 start
[187.637s] aco: generation 145 start
[188.733s] aco: generation 146 start
[189.927s] aco: generation 147 start
[191.038s] aco: generation 148 start
[192.325s] aco: generation 149 start
[193.567s] aco: generation 150 start
[194.745s] aco: generation 151 start
[195.906s] aco: generation 152 start
[196.920s] aco: generation 153 start
[198.100s] aco: generation 154 start
[199.407s] aco: generation 155 start
[200.470s] aco: stagnation reached (20 gens), restarting pheromone!
[200.471s] aco: generation 156 start
[201.602s] aco: generation 157 start
[202.746s] aco: generation 158 start
[204.061s] aco: generation 159 start
[205.083s] aco: generation 160 start
[206.303s] aco: generation 161 start
[207.580s] aco: generation 162 start
[208.615s] aco: generation 163 start
[209.801s] aco: generation 164 start
[210.845s] aco: generation 165 start
[211.009s] aco: stopping after 166 generations
