[0.000s] Log started
[0.000s] main: parameter validation passed
[0.000s] thopproblem: loading data from ..\..\instances\dsj1000-thop\dsj1000_10_usw_10_03.thop
[0.018s] thopproblem: read header -> cities=1000, items=9980, capacity=9122564, maxTime=3.37538e+007
[0.018s] thopproblem: loaded 1000 nodes and 9980 items
[0.018s] main: input loaded (1000 cities, 9980 items)
[0.018s] packing: initializing packing structures
[0.018s] packing: nCities=1000, nItems=9980, capacity=9122564, minSpeed=0.1, maxSpeed=1
[0.019s] packing: initialized city map and item buckets
[0.019s] main: PackingPlan initialized
[0.019s] aco: initializing ACO solver
[0.030s] aco: initialized 1000 components and 40 ants
[0.030s] main: AntColonyOptimization initialized
[0.000s] aco: generation 0 start
[2.380s] aco: new best solution found with cost 252229 and 1000 components
[6.463s] aco: new best solution found with cost 262392 and 1000 components
[8.471s] aco: new best solution found with cost 279522 and 1000 components
[10.274s] aco: new best solution found with cost 291068 and 1000 components
[11.996s] aco: new best solution found with cost 326716 and 1000 components
[48.576s] aco: new best solution found with cost 332616 and 1000 components
[71.278s] aco: new best solution found with cost 342223 and 1000 components
[96.807s] aco: stopping after 1 generations
[99.171s] main: saved best solution to output.txt
